---
source: src/convert.rs
expression: rendered
snapshot_kind: text
---
#set page(
    width: 1200pt,
    height: 628pt,
    fill: rgb("#edebdd"),
)

#set text(
    size: 50pt,
    font: "Fira Sans",
     
)

#align(top)[
    = *#"knien"*
]

#align(horizon)[
    #text(size: 30pt)[
        _#"Typed RabbitMQ interfacing for async Rust"_
    ]
]
#align(bottom)[
    #align(right)[
        #grid(
            columns: (auto,auto,),
            column-gutter: 20pt,
            image("https://avatars.githubusercontent.com/u/17907879?v=4", width: 70pt),
            image("https://avatars.githubusercontent.com/u/8545127?v=4", width: 70pt),
        )
    ]
]
